
var panel = new GamePanel(context);
game.start(panel, 20); // 20 frames per second