
enum BlockColor {
   RED(0xff990000, 2), 
   GREEN(0xff009900, 3), 
   BLUE(0xff000099, 4), 
   YELLOW(0xffffcc33, 5), 
   CYAN(0xff3399aa, 6);
   
   const color;
   const value;

   new(color, value) {
      this.color = color;
      this.value = value;
   }
}
