
enum GameStatus {
   BEFORE_START, 
   ACTIVE, 
   PAUSED, 
   OVER;
}