
enum Move {
   LEFT, 
   RIGHT, 
   ROTATE, 
   DOWN
}
