start(context);

function start(context) {
   println(context);
}