import test.TestCaseRunner;

const project = System.getenv("PROJECT_ROOT"); // .project file
const directory = "${project}\\test";
const runner = new TestCaseRunner(directory);

runner.runTests();