
class Point{
   const x,y;
   new(x,y){
      this.x=x;
      this.y=y;
   }
   override toString(){
      return "${x},${y}";
   }
}
class Line{
   const a:Point,b:Point;
   const color;
   new(a: Point,b: Point, color){
      this.color = color;
      this.a=a;
      this.b=b;
   }
   override toString(){
      return "${a}->${b}";
   }
}

class Stuff {
   var x=1,y=2,z:String;
   new(x,y,z){
      this.x=x;
      this.y=y;
      this.z=z;
   }
   get(){
      return "${x},${y},${z}";
   }
}

function testFieldSequence(){
   var p1 = new Point(1,2);
   var p2 = new Point(3,4);
   var line = new Line(p1,p2,"red");
   
   println(line);
   
   assert p1.toString() == "1,2";
   assert p2.toString() == "3,4";
   assert line.toString() == "1,2->3,4";
   
   var s = new Stuff(1,2,3);
   
   println(s.z.class);
   
   assert s.z.class == String.class;
   assert s.y.class == Integer.class;
   assert s.x.class == Integer.class;
   assert s.get() == "1,2,3";
   
   s.z="blah";
   s.y="22";
   s.x="11";
   
   assert s.z.class == String.class;
   assert s.y.class == String.class;
   assert s.x.class == String.class;
   assert s.get() == "11,22,blah";
}