var header = "/*
 * %s December 2016
 *
 * Copyright (C) 2016, Niall Gallagher <niallg@users.sf.net>
 *
 * Licensed under the Apache License, Version 2.0 (the \"License\");
 * you may not use this file except in compliance with the License.
 * You may obtain a copy of the License at
 *
 *     http://www.apache.org/licenses/LICENSE-2.0
 *
 * Unless required by applicable law or agreed to in writing, software
 * distributed under the License is distributed on an \"AS IS\" BASIS,
 * WITHOUT WARRANTIES OR CONDITIONS OF ANY KIND, either express or 
 * implied. See the License for the specific language governing 
 * permissions and limitations under the License.
 */";
new File("C:\\Work\\development\\snapscript\\snap-develop")
   .findFiles(f -> f.name.endsWith(".java") && f.canonicalPath.contains("\\src\\main\\java"))
   .forEach(f -> {
      var text = f.readText();
      var firstIndex = text.indexOf("/*");
      if(firstIndex != -1) {
         var length = text.length();
         var secondIndex = text.indexOf("*/", firstIndex+1);
         var firstPart = text.substring(0, firstIndex);
         var secondPart = text.substring(secondIndex + 3, length);
         var removeLicense = firstPart + secondPart;
         var addLicense = String.format(header, f.name) + "\n\n" + text;
         println(removeLicense);
         //f.writeText(update);
      }
   });