import java.util.Random;

import android.graphics.Bitmap;
import android.graphics.Canvas;

class Particle {
   public var distFromOrigin: Integer = 0;
   private var direction: Double;
   private var speedX: Float;
   private var speedY: Float;
   public var color: Integer;
   public var x: Float;
   public var y: Float;
   private var initX: Integer;
   private var initY: Integer;
   private var bitmap: Bitmap;
    private var speed: Float=1.5f;
    private var dt: Float=1;
   
   public new(x: Integer, y: Integer, bmp: Bitmap) {
      init(x, y);
      this.direction = Math.PI * new Random().nextFloat();//.nextInt(NO_OF_DIRECTION)/ NO_OF_DIRECTION;
      this.speedX =speed*Math.cos(direction);
      this.speedY = -1 * (speed*Math.sin(direction));
      this.color = new Random().nextInt(3);
      bitmap = bmp;
   }

   public init(x: Integer, y: Integer) {
      distFromOrigin = 0;
      this.initX = this.x = x;
      this.initY = this.y = y;
   }

   public updatePhysics(distChange: Integer) {
      distFromOrigin += 2;
      x =  x + speedX *dt;
      y =  y + speedY * dt;
      speedY=speedY+0.03f;
   }

   public doDraw(canvas: Canvas, offsetX: Integer, offsetY: Integer) {
      canvas.drawBitmap(bitmap, offsetX+Math.floor(x),offsetY+Math.floor(y), null);
   }

}

