
class Cell extends GameElement {

   new(x, y, radius) :super(radius){
      this.x = x;
      this.y = y;
   }

   new(cell) :super(cell.radius){
      this.x = cell.y;
      this.y = cell.y;
   }
}

