
import android.graphics.Point;

class SpecialElement extends GameElement {
   // maximum duration to display clock in snake moves
   var maxDuration;

   // counter
   var counter;

   var hasExpired;

   new(fieldDimensions, snake, radius, maxDuration): super(radius) {
         newRandomLocation(fieldDimensions, snake);
         this.maxDuration = maxDuration;
         restartCounter();
   }

   incCounter() {
         counter++;

         if (counter >= maxDuration) {
            hasExpired = true;
         }
   }

   restartCounter() {
         counter = 0;
   }

   hasExpired() {
         return hasExpired;
   }
}

