import mario.core.MarioResourceManager;
import mario.core.animation.Animation;
import mario.core.tile.TileMap;
import mario.objects.base.Creature;
import android.graphics.Bitmap;





class Coin extends Creature {
   
   private static var c: Bitmap[] = [ 
      MarioResourceManager.Coin_5,
      MarioResourceManager.Coin_6,
      MarioResourceManager.Coin_7, 
      MarioResourceManager.Coin_8
   ];
   
   public static var turn: Animation = new Animation(150).addFrame(c[0]).addFrame(c[1]).addFrame(c[2]).addFrame(c[3]);
   // Alternate Animation;
   //private static Bitmap[] c = { MarioResourceManager.Coin_1,MarioResourceManager.Coin_2,
   //   MarioResourceManager.Coin_3, MarioResourceManager.Coin_4};
   
   //private var turn: Animation;
   private var shoot: Animation;
   
   public new(pixelX: Integer, pixelY: Integer) {
      
      super(pixelX, pixelY);
      setIsItem(true);
      
      const class DeadAfterAnimation extends Animation {
         public endOfAnimationAction() {
            kill();
         }
      }
      
      //turn = new Animation(1000).addFrame(c[0]).addFrame(c[1]).addFrame(c[2]).addFrame(c[3]);
      shoot = new DeadAfterAnimation().setDAL(120).addFrame(c[0]).addFrame(c[1]).addFrame(c[2]).addFrame(c[3]);
      setAnimation(turn);
   }
   
//   public draw(g: Graphics, pixelX: Integer, pixelY: Integer) {
//      Float[] scales = { .6f, .6f, .6f, 8f};
//      Float[] offsets = new float[4];
//      var rop: RescaleOp = new RescaleOp(scales, offsets, null);
//      
//      //RescaleOp rop = new RescaleOp(1.0f, 1f, null);
//      
//      var source: BufferedImage= currentAnimation().getImage();
//      var adjusted: BufferedImage=new BufferedImage(source.getWidth(),source.getHeight(),BufferedImage.TYPE_INT_BGR);
//      var ug: Graphics2D=adjusted.createGraphics();
//      ug.drawImage(source,0,0,null);
//      ug.dispose();
//      var filter: BufferedImageOp=new RescaleOp(1f, 100f,null);
//
//      var g2d: Graphics2D = (Graphics2D) g;
//      g2d.drawImage(adjusted, filter, pixelX, pixelY);
//   }
//   
//   public draw(g: Graphics, pixelX: Integer, pixelY: Integer, offsetX: Integer, offsetY: Integer) {
//      draw(g, pixelX + offsetX, pixelY + offsetY);   
//   }
   
   public updateCreature(map: TileMap, time: Integer) {
      if(currentAnimation() == shoot) {
         super.update(time);
         y = y + dy * time;
         if(dy < 0) {
            dy = dy + .018f;
         } 
      }
   }
   
   public shoot() {
      setIsCollidable(false);
      setAnimation(shoot);
      dy = -.3f;
   }

}

